2n9n4n8n7n1n5n6n3nx6n8y1n3y5n4y2n7y9nx5y7y3n2n6y9n4n8y1yx4y5n7y9y4n8y6y1n2yx1n4n9y6n3n2n7y5n8nx8y6n2y7y1n5y3y9n4yx4y2y5n1n8y7n9n3y6yx9n1y6n5y2n3y8n4y7nx7n3n8n4n9n6n1n2n5nx$                                                                                                                                                                                                                                                       