1n4y9n2y6n5n3y8n7nx8y2n5y3n7n9n4n6n1nx3n7y6n4n8y1n2n5y9yx4n1y2n6y5n8n7n9y3yx7n5n8y1y9n3y6y4n2nx6y9y3n7n2n4y8n1y5nx9y3y7n8n1y6n5n2y4nx2n6n1n5n4n7n9y3n8yx5n8n4y9n3n2y1n7y6nx$                                                                                                                                                                                                                                                                                                                                                      