6n2y9n1y7y8y4n3y5nx8n4y5n3y6n2y7n9y1nx1y3n7n5n9n4n8n2n6yx2n7n8y6y4n3y5y1n9nx3y9n1n2n8n5n6n7n4yx4n5n6y7y1n9y2y8n3nx9y6n3n8n5n7n1n4n2yx5n8y4n9y2n1y3n6y7nx7n1y2n4y3y6y9n5y8nx$                                                                                                                                                                  